
2025-06-04T19:36:32+03:00 [DEBUG] User logged out

2025-06-04T19:36:32+03:00 [ERROR] File uploaded

2025-06-04T19:36:32+03:00 [ERROR] File uploaded

2025-06-04T19:36:32+03:00 [INFO] Invalid input received

2025-06-04T19:36:32+03:00 [ERROR] User logged in

2025-06-04T19:36:32+03:00 [INFO] Invalid input received

2025-06-04T19:36:32+03:00 [DEBUG] Error processing request

2025-06-04T19:36:32+03:00 [ERROR] User logged in

2025-06-04T19:36:32+03:00 [ERROR] Invalid input received

2025-06-04T19:36:33+03:00 [ERROR] File uploaded

2025-06-04T19:36:33+03:00 [INFO] Invalid input received

2025-06-04T19:36:33+03:00 [ERROR] User logged out

2025-06-04T19:36:33+03:00 [INFO] Error processing request

2025-06-04T19:36:33+03:00 [INFO] User logged out

2025-06-04T19:36:33+03:00 [ERROR] File uploaded

2025-06-04T19:36:33+03:00 [INFO] File uploaded

2025-06-04T19:36:33+03:00 [INFO] Error processing request

2025-06-04T19:36:33+03:00 [INFO] User logged in

2025-06-04T19:36:33+03:00 [INFO] Database connection established

2025-06-04T19:36:34+03:00 [DEBUG] Error processing request

2025-06-04T19:36:34+03:00 [DEBUG] File uploaded

2025-06-04T19:36:34+03:00 [INFO] File uploaded

2025-06-04T19:36:34+03:00 [INFO] Database connection established

2025-06-04T19:36:34+03:00 [INFO] User logged out

2025-06-04T19:36:34+03:00 [INFO] Error processing request

2025-06-04T19:36:34+03:00 [DEBUG] Invalid input received

2025-06-04T19:36:34+03:00 [DEBUG] Error processing request

2025-06-04T19:36:34+03:00 [INFO] Error processing request

2025-06-04T19:36:35+03:00 [INFO] File uploaded

2025-06-04T19:36:35+03:00 [ERROR] Invalid input received

2025-06-04T19:36:35+03:00 [ERROR] Database connection established

2025-06-04T19:36:35+03:00 [INFO] User logged out

2025-06-04T19:36:35+03:00 [ERROR] User logged out

2025-06-04T19:36:35+03:00 [ERROR] Error processing request

2025-06-04T19:36:35+03:00 [DEBUG] Error processing request

2025-06-04T19:36:35+03:00 [DEBUG] Database connection established

2025-06-04T19:36:35+03:00 [ERROR] User logged in

2025-06-04T19:36:35+03:00 [DEBUG] Database connection established

2025-06-04T19:36:36+03:00 [ERROR] Error processing request

2025-06-04T19:36:36+03:00 [ERROR] User logged out

2025-06-04T19:36:36+03:00 [ERROR] User logged in

2025-06-04T19:36:36+03:00 [ERROR] User logged in

2025-06-04T19:36:36+03:00 [DEBUG] Invalid input received

2025-06-04T19:36:36+03:00 [ERROR] Invalid input received

2025-06-04T19:36:36+03:00 [ERROR] Invalid input received

2025-06-04T19:36:36+03:00 [DEBUG] File uploaded

2025-06-04T19:36:37+03:00 [INFO] Invalid input received

2025-06-04T19:36:37+03:00 [DEBUG] Database connection established

2025-06-04T19:36:37+03:00 [INFO] File uploaded

2025-06-04T19:36:37+03:00 [ERROR] User logged in

2025-06-04T19:36:37+03:00 [INFO] Database connection established

2025-06-04T19:36:37+03:00 [DEBUG] Invalid input received

2025-06-04T19:36:37+03:00 [ERROR] Database connection established

2025-06-04T19:36:37+03:00 [DEBUG] Database connection established

2025-06-04T19:36:37+03:00 [INFO] User logged out

2025-06-04T19:36:37+03:00 [INFO] User logged out

2025-06-04T19:36:38+03:00 [ERROR] Invalid input received

2025-06-04T19:36:38+03:00 [DEBUG] User logged out

2025-06-04T19:36:38+03:00 [ERROR] Database connection established

2025-06-04T19:36:38+03:00 [DEBUG] Error processing request

2025-06-04T19:36:38+03:00 [INFO] Database connection established

2025-06-04T19:36:38+03:00 [ERROR] User logged out

2025-06-04T19:36:38+03:00 [INFO] User logged out

2025-06-04T19:36:38+03:00 [ERROR] Database connection established

2025-06-04T19:36:38+03:00 [ERROR] Database connection established

2025-06-04T19:36:39+03:00 [DEBUG] Database connection established

2025-06-04T19:36:39+03:00 [ERROR] Invalid input received

2025-06-04T19:36:39+03:00 [INFO] User logged out

2025-06-04T19:36:39+03:00 [DEBUG] Error processing request

2025-06-04T19:36:39+03:00 [ERROR] User logged out

2025-06-04T19:36:39+03:00 [ERROR] Error processing request

2025-06-04T19:36:39+03:00 [ERROR] File uploaded

2025-06-04T19:36:39+03:00 [DEBUG] User logged in

2025-06-04T19:36:39+03:00 [INFO] User logged out

2025-06-04T19:36:40+03:00 [DEBUG] User logged in

2025-06-04T19:36:40+03:00 [ERROR] User logged out

2025-06-04T19:36:40+03:00 [ERROR] Invalid input received

2025-06-04T19:36:40+03:00 [INFO] Error processing request

2025-06-04T19:36:40+03:00 [ERROR] Database connection established

2025-06-04T19:36:40+03:00 [ERROR] User logged in

2025-06-04T19:36:40+03:00 [ERROR] User logged out

2025-06-04T19:36:40+03:00 [ERROR] File uploaded

2025-06-04T19:36:40+03:00 [ERROR] User logged in

2025-06-04T19:36:40+03:00 [DEBUG] Error processing request

2025-06-04T19:36:41+03:00 [ERROR] File uploaded

2025-06-04T19:36:41+03:00 [INFO] Database connection established

2025-06-04T19:36:41+03:00 [INFO] User logged in

2025-06-04T19:36:41+03:00 [DEBUG] Invalid input received

2025-06-04T19:36:41+03:00 [ERROR] Invalid input received

2025-06-04T19:36:41+03:00 [DEBUG] Invalid input received

2025-06-04T19:36:41+03:00 [DEBUG] Error processing request

2025-06-04T19:36:41+03:00 [INFO] User logged in

2025-06-04T19:36:41+03:00 [DEBUG] User logged out

2025-06-04T19:36:41+03:00 [INFO] User logged in

2025-06-04T19:36:42+03:00 [ERROR] Invalid input received

2025-06-04T19:36:42+03:00 [INFO] User logged in

2025-06-04T19:36:42+03:00 [INFO] Invalid input received

2025-06-04T19:36:42+03:00 [ERROR] File uploaded

2025-06-04T19:36:42+03:00 [INFO] User logged in

2025-06-04T19:36:42+03:00 [INFO] Database connection established

